==========================================
Job started:  Mon Apr  6 20:26:08 EDT 2026
Running on:   scc-pi1
CPU:          Intel(R) Xeon(R) CPU E5-2650 v2 @ 2.60GHz
Cores (job):  4 (pe omp 4)
RAM total:    125Gi
AVX-512:      0 logical cores with AVX-512
==========================================
============================================================
CS561 Access Path Selection Experiments
DuckDB binary: /projectnb/cs561/students/foladipo/CS561-Access-Path-Selection/build/release/duckdb
Results dir:   /projectnb/cs561/students/foladipo/CS561-Access-Path-Selection/results
Rows: 6,000,000  |  Runs: 3  |  Threads: 4
Selectivity: 10%
============================================================

>>> CARDINALITY EXPERIMENT (uniform distribution)

  Cardinality = 10
  Threshold: 0  |  Actual selectivity: 0.0%
    Writing CSV (6,000,000 rows)...
    Loading sketched table (lineitem)...
    Loading baseline table (lineitem_base)...
    Run 1/3...
    [WARN] Could not parse timing. stdout: 
    [WARN] Could not parse timing. stdout: 
    Run 2/3...
    [WARN] Could not parse timing. stdout: 
    [WARN] Could not parse timing. stdout: 
    Run 3/3...
    [WARN] Could not parse timing. stdout: 
    [WARN] Could not parse timing. stdout: 

  Cardinality = 50
  Threshold: 5  |  Actual selectivity: 10.0%
    Writing CSV (6,000,000 rows)...
    Loading sketched table (lineitem)...
    Loading baseline table (lineitem_base)...
    Run 1/3...
    [WARN] Could not parse timing. stdout: 
    [WARN] Could not parse timing. stdout: 
    Run 2/3...
    [WARN] Could not parse timing. stdout: 
    [WARN] Could not parse timing. stdout: 
    Run 3/3...
    [WARN] Could not parse timing. stdout: 
    [WARN] Could not parse timing. stdout: 

  Cardinality = 100
  Threshold: 9  |  Actual selectivity: 9.0%
    Writing CSV (6,000,000 rows)...
    Loading sketched table (lineitem)...
    Loading baseline table (lineitem_base)...
    Run 1/3...
    [WARN] Could not parse timing. stdout: 
    [WARN] Could not parse timing. stdout: 
    Run 2/3...
    [WARN] Could not parse timing. stdout: 
    [WARN] Could not parse timing. stdout: 
    Run 3/3...
    [WARN] Could not parse timing. stdout: 
    [WARN] Could not parse timing. stdout: 

  Cardinality = 256
  Threshold: 25  |  Actual selectivity: 9.8%
    Writing CSV (6,000,000 rows)...
    Loading sketched table (lineitem)...
    Loading baseline table (lineitem_base)...
    Run 1/3...
    [WARN] Could not parse timing. stdout: 
    [WARN] Could not parse timing. stdout: 
    Run 2/3...
    [WARN] Could not parse timing. stdout: 
    [WARN] Could not parse timing. stdout: 
    Run 3/3...
    [WARN] Could not parse timing. stdout: 
    [WARN] Could not parse timing. stdout: 

  Cardinality = 500
  Threshold: 49  |  Actual selectivity: 9.8%
    Writing CSV (6,000,000 rows)...
    Loading sketched table (lineitem)...
    Loading baseline table (lineitem_base)...
    Run 1/3...
    [WARN] Could not parse timing. stdout: 
    [WARN] Could not parse timing. stdout: 
    Run 2/3...
    [WARN] Could not parse timing. stdout: 
    [WARN] Could not parse timing. stdout: 
    Run 3/3...
    [WARN] Could not parse timing. stdout: 
    [WARN] Could not parse timing. stdout: 

  Cardinality = 1,000
  Threshold: 100  |  Actual selectivity: 10.0%
    Writing CSV (6,000,000 rows)...
    Loading sketched table (lineitem)...
    Loading baseline table (lineitem_base)...
    Run 1/3...
    [WARN] Could not parse timing. stdout: 
    [WARN] Could not parse timing. stdout: 
    Run 2/3...
    [WARN] Could not parse timing. stdout: 
    [WARN] Could not parse timing. stdout: 
    Run 3/3...
    [WARN] Could not parse timing. stdout: 
    [WARN] Could not parse timing. stdout: 

  Cardinality = 10,000
  Threshold: 998  |  Actual selectivity: 10.0%
    Writing CSV (6,000,000 rows)...
    Loading sketched table (lineitem)...
    Loading baseline table (lineitem_base)...
    Run 1/3...
    [WARN] Could not parse timing. stdout: 
    [WARN] Could not parse timing. stdout: 
    Run 2/3...
    [WARN] Could not parse timing. stdout: 
    [WARN] Could not parse timing. stdout: 
    Run 3/3...
    [WARN] Could not parse timing. stdout: 
    [WARN] Could not parse timing. stdout: 

  Cardinality = 100,000
  Threshold: 10008  |  Actual selectivity: 10.0%
    Writing CSV (6,000,000 rows)...
    Loading sketched table (lineitem)...
    Loading baseline table (lineitem_base)...
    Run 1/3...
    [WARN] Could not parse timing. stdout: 
    [WARN] Could not parse timing. stdout: 
    Run 2/3...
    [WARN] Could not parse timing. stdout: 
    [WARN] Could not parse timing. stdout: 
    Run 3/3...
    [WARN] Could not parse timing. stdout: 
    [WARN] Could not parse timing. stdout: 

  Saved: /projectnb/cs561/students/foladipo/CS561-Access-Path-Selection/results/cardinality_results.csv

>>> DISTRIBUTION EXPERIMENT (cardinality=1000)

  Distribution = uniform
  Threshold: 99  |  Actual selectivity: 9.9%
    Writing CSV (6,000,000 rows)...
    Loading sketched table (lineitem)...
    Loading baseline table (lineitem_base)...
    Run 1/3...
    [WARN] Could not parse timing. stdout: 
    [WARN] Could not parse timing. stdout: 
    Run 2/3...
    [WARN] Could not parse timing. stdout: 
    [WARN] Could not parse timing. stdout: 
    Run 3/3...
    [WARN] Could not parse timing. stdout: 
    [WARN] Could not parse timing. stdout: 

  Distribution = zipf
  Threshold: 0  |  Actual selectivity: 0.0%
    Writing CSV (6,000,000 rows)...
    Loading sketched table (lineitem)...
    Loading baseline table (lineitem_base)...
    Run 1/3...
    [WARN] Could not parse timing. stdout: 
    [WARN] Could not parse timing. stdout: 
    Run 2/3...
    [WARN] Could not parse timing. stdout: 
    [WARN] Could not parse timing. stdout: 
    Run 3/3...
    [WARN] Could not parse timing. stdout: 
    [WARN] Could not parse timing. stdout: 

  Distribution = clustered
  Threshold: 99  |  Actual selectivity: 9.9%
    Writing CSV (6,000,000 rows)...
    Loading sketched table (lineitem)...
    Loading baseline table (lineitem_base)...
    Run 1/3...
    [WARN] Could not parse timing. stdout: 
    [WARN] Could not parse timing. stdout: 
    Run 2/3...
    [WARN] Could not parse timing. stdout: 
    [WARN] Could not parse timing. stdout: 
    Run 3/3...
    [WARN] Could not parse timing. stdout: 
    [WARN] Could not parse timing. stdout: 

  Saved: /projectnb/cs561/students/foladipo/CS561-Access-Path-Selection/results/distribution_results.csv

>>> ALL EXPERIMENTS COMPLETE
==========================================
Job finished: Mon Apr  6 20:31:10 EDT 2026
==========================================
==========================================
Job started:  Mon Apr  6 20:35:42 EDT 2026
Running on:   scc-wh4
CPU:          Intel(R) Xeon(R) CPU E5-2680 v4 @ 2.40GHz
Cores (job):  4 (pe omp 4)
RAM total:    251Gi
AVX-512:      0 logical cores with AVX-512
==========================================
============================================================
CS561 Access Path Selection Experiments
DuckDB binary: /projectnb/cs561/students/foladipo/CS561-Access-Path-Selection/build/release/duckdb
Results dir:   /projectnb/cs561/students/foladipo/CS561-Access-Path-Selection/results
Rows: 6,000,000  |  Runs: 3  |  Threads: 4
Selectivity: 10%
============================================================

>>> CARDINALITY EXPERIMENT (uniform distribution)

  Cardinality = 10
  Threshold: 1  |  Actual selectivity: 10.0%
    Writing CSV (6,000,000 rows)...
    Loading sketched table (lineitem)...
    Loading baseline table (lineitem_base)...
    Run 1/3...
    [WARN] Could not parse timing. stdout: 
    [WARN] Could not parse timing. stdout: 
    Run 2/3...
    [WARN] Could not parse timing. stdout: 
    [WARN] Could not parse timing. stdout: 
    Run 3/3...
    [WARN] Could not parse timing. stdout: 
    [WARN] Could not parse timing. stdout: 

  Cardinality = 50
  Threshold: 4  |  Actual selectivity: 8.0%
    Writing CSV (6,000,000 rows)...
    Loading sketched table (lineitem)...
    Loading baseline table (lineitem_base)...
    Run 1/3...
    [WARN] Could not parse timing. stdout: 
    [WARN] Could not parse timing. stdout: 
    Run 2/3...
    [WARN] Could not parse timing. stdout: 
    [WARN] Could not parse timing. stdout: 
    Run 3/3...
    [WARN] Could not parse timing. stdout: 
    [WARN] Could not parse timing. stdout: 

  Cardinality = 100
  Threshold: 10  |  Actual selectivity: 10.0%
    Writing CSV (6,000,000 rows)...
    Loading sketched table (lineitem)...
    Loading baseline table (lineitem_base)...
    Run 1/3...
    [WARN] Could not parse timing. stdout: 
    [WARN] Could not parse timing. stdout: 
    Run 2/3...
    [WARN] Could not parse timing. stdout: 
    [WARN] Could not parse timing. stdout: 
    Run 3/3...
    [WARN] Could not parse timing. stdout: 
    [WARN] Could not parse timing. stdout: 

  Cardinality = 256
  Threshold: 25  |  Actual selectivity: 9.8%
    Writing CSV (6,000,000 rows)...
    Loading sketched table (lineitem)...
    Loading baseline table (lineitem_base)...
    Run 1/3...
    [WARN] Could not parse timing. stdout: 
    [WARN] Could not parse timing. stdout: 
    Run 2/3...
    [WARN] Could not parse timing. stdout: 
    [WARN] Could not parse timing. stdout: 
    Run 3/3...
    [WARN] Could not parse timing. stdout: 
    [WARN] Could not parse timing. stdout: 

  Cardinality = 500
  Threshold: 49  |  Actual selectivity: 9.8%
    Writing CSV (6,000,000 rows)...
    Loading sketched table (lineitem)...
    Loading baseline table (lineitem_base)...
    Run 1/3...
    [WARN] Could not parse timing. stdout: 
    [WARN] Could not parse timing. stdout: 
    Run 2/3...
    [WARN] Could not parse timing. stdout: 
    [WARN] Could not parse timing. stdout: 
    Run 3/3...
    [WARN] Could not parse timing. stdout: 
    [WARN] Could not parse timing. stdout: 

  Cardinality = 1,000
  Threshold: 99  |  Actual selectivity: 9.9%
    Writing CSV (6,000,000 rows)...
    Loading sketched table (lineitem)...
    Loading baseline table (lineitem_base)...
    Run 1/3...
    [WARN] Could not parse timing. stdout: 
    [WARN] Could not parse timing. stdout: 
    Run 2/3...
    [WARN] Could not parse timing. stdout: 
    [WARN] Could not parse timing. stdout: 
    Run 3/3...
    [WARN] Could not parse timing. stdout: 
    [WARN] Could not parse timing. stdout: 

  Cardinality = 10,000
  Threshold: 1000  |  Actual selectivity: 10.0%
    Writing CSV (6,000,000 rows)...
    Loading sketched table (lineitem)...
    Loading baseline table (lineitem_base)...
    Run 1/3...
    [WARN] Could not parse timing. stdout: 
    [WARN] Could not parse timing. stdout: 
    Run 2/3...
    [WARN] Could not parse timing. stdout: 
    [WARN] Could not parse timing. stdout: 
    Run 3/3...
    [WARN] Could not parse timing. stdout: 
    [WARN] Could not parse timing. stdout: 

  Cardinality = 100,000
  Threshold: 9987  |  Actual selectivity: 10.0%
    Writing CSV (6,000,000 rows)...
    Loading sketched table (lineitem)...
    Loading baseline table (lineitem_base)...
    Run 1/3...
    [WARN] Could not parse timing. stdout: 
    [WARN] Could not parse timing. stdout: 
    Run 2/3...
    [WARN] Could not parse timing. stdout: 
    [WARN] Could not parse timing. stdout: 
    Run 3/3...
    [WARN] Could not parse timing. stdout: 
    [WARN] Could not parse timing. stdout: 

  Saved: /projectnb/cs561/students/foladipo/CS561-Access-Path-Selection/results/cardinality_results.csv

>>> DISTRIBUTION EXPERIMENT (cardinality=1000)

  Distribution = uniform
  Threshold: 99  |  Actual selectivity: 9.9%
    Writing CSV (6,000,000 rows)...
    Loading sketched table (lineitem)...
    Loading baseline table (lineitem_base)...
    Run 1/3...
    [WARN] Could not parse timing. stdout: 
    [WARN] Could not parse timing. stdout: 
    Run 2/3...
    [WARN] Could not parse timing. stdout: 
    [WARN] Could not parse timing. stdout: 
    Run 3/3...
    [WARN] Could not parse timing. stdout: 
    [WARN] Could not parse timing. stdout: 

  Distribution = zipf
  Threshold: 0  |  Actual selectivity: 0.0%
    Writing CSV (6,000,000 rows)...
    Loading sketched table (lineitem)...
    Loading baseline table (lineitem_base)...
    Run 1/3...
    [WARN] Could not parse timing. stdout: 
    [WARN] Could not parse timing. stdout: 
    Run 2/3...
    [WARN] Could not parse timing. stdout: 
    [WARN] Could not parse timing. stdout: 
    Run 3/3...
    [WARN] Could not parse timing. stdout: 
    [WARN] Could not parse timing. stdout: 

  Distribution = clustered
  Threshold: 100  |  Actual selectivity: 10.0%
    Writing CSV (6,000,000 rows)...
    Loading sketched table (lineitem)...
    Loading baseline table (lineitem_base)...
    Run 1/3...
    [WARN] Could not parse timing. stdout: 
    [WARN] Could not parse timing. stdout: 
    Run 2/3...
    [WARN] Could not parse timing. stdout: 
    [WARN] Could not parse timing. stdout: 
    Run 3/3...
    [WARN] Could not parse timing. stdout: 
    [WARN] Could not parse timing. stdout: 

  Saved: /projectnb/cs561/students/foladipo/CS561-Access-Path-Selection/results/distribution_results.csv

>>> ALL EXPERIMENTS COMPLETE
==========================================
Job finished: Mon Apr  6 20:40:43 EDT 2026
==========================================
==========================================
Job started:  Mon Apr  6 21:01:37 EDT 2026
Running on:   scc-wh4
CPU:          Intel(R) Xeon(R) CPU E5-2680 v4 @ 2.40GHz
Cores (job):  4 (pe omp 4)
RAM total:    251Gi
AVX-512:      0 logical cores with AVX-512
==========================================
============================================================
CS561 Access Path Selection Experiments
DuckDB binary: /projectnb/cs561/students/foladipo/CS561-Access-Path-Selection/build/release/duckdb
Results dir:   /projectnb/cs561/students/foladipo/CS561-Access-Path-Selection/results
Rows: 6,000,000  |  Runs: 3  |  Threads: 4
Selectivity: 10%
============================================================

>>> CARDINALITY EXPERIMENT (uniform distribution)

  Cardinality = 10
  Threshold: 1  |  Actual selectivity: 10.0%
    Writing CSV (6,000,000 rows)...
    Loading sketched table (lineitem)...
    Loading baseline table (lineitem_base)...
    Run 1/3...
    [WARN] Query failed. stderr: 
    [WARN] Query failed. stderr: 
    Run 2/3...
    [WARN] Query failed. stderr: 
    [WARN] Query failed. stderr: 
    Run 3/3...
    [WARN] Query failed. stderr: 
    [WARN] Query failed. stderr: 

  Cardinality = 50
  Threshold: 5  |  Actual selectivity: 10.0%
    Writing CSV (6,000,000 rows)...
    Loading sketched table (lineitem)...
    Loading baseline table (lineitem_base)...
    Run 1/3...
    [WARN] Query failed. stderr: 
    [WARN] Query failed. stderr: 
    Run 2/3...
    [WARN] Query failed. stderr: 
    [WARN] Query failed. stderr: 
    Run 3/3...
    [WARN] Query failed. stderr: 
    [WARN] Query failed. stderr: 

  Cardinality = 100
  Threshold: 9  |  Actual selectivity: 9.0%
    Writing CSV (6,000,000 rows)...
    Loading sketched table (lineitem)...
    Loading baseline table (lineitem_base)...
    Run 1/3...
    [WARN] Query failed. stderr: 
    [WARN] Query failed. stderr: 
    Run 2/3...
    [WARN] Query failed. stderr: 
    [WARN] Query failed. stderr: 
    Run 3/3...
    [WARN] Query failed. stderr: 
    [WARN] Query failed. stderr: 

  Cardinality = 256
  Threshold: 25  |  Actual selectivity: 9.8%
    Writing CSV (6,000,000 rows)...
    Loading sketched table (lineitem)...
    Loading baseline table (lineitem_base)...
    Run 1/3...
    [WARN] Query failed. stderr: 
    [WARN] Query failed. stderr: 
    Run 2/3...
    [WARN] Query failed. stderr: 
    [WARN] Query failed. stderr: 
    Run 3/3...
    [WARN] Query failed. stderr: 
    [WARN] Query failed. stderr: 

  Cardinality = 500
  Threshold: 49  |  Actual selectivity: 9.8%
    Writing CSV (6,000,000 rows)...
    Loading sketched table (lineitem)...
    Loading baseline table (lineitem_base)...
    Run 1/3...
    [WARN] Query failed. stderr: 
    [WARN] Query failed. stderr: 
    Run 2/3...
    [WARN] Query failed. stderr: 
    [WARN] Query failed. stderr: 
    Run 3/3...
    [WARN] Query failed. stderr: 
    [WARN] Query failed. stderr: 

  Cardinality = 1,000
  Threshold: 99  |  Actual selectivity: 9.9%
    Writing CSV (6,000,000 rows)...
    Loading sketched table (lineitem)...
    Loading baseline table (lineitem_base)...
    Run 1/3...
    [WARN] Query failed. stderr: 
    [WARN] Query failed. stderr: 
    Run 2/3...
    [WARN] Query failed. stderr: 
    [WARN] Query failed. stderr: 
    Run 3/3...
    [WARN] Query failed. stderr: 
    [WARN] Query failed. stderr: 

  Cardinality = 10,000
  Threshold: 999  |  Actual selectivity: 10.0%
    Writing CSV (6,000,000 rows)...
    Loading sketched table (lineitem)...
    Loading baseline table (lineitem_base)...
    Run 1/3...
    [WARN] Query failed. stderr: 
    [WARN] Query failed. stderr: 
    Run 2/3...
    [WARN] Query failed. stderr: 
    [WARN] Query failed. stderr: 
    Run 3/3...
    [WARN] Query failed. stderr: 
    [WARN] Query failed. stderr: 

  Cardinality = 100,000
  Threshold: 10003  |  Actual selectivity: 10.0%
    Writing CSV (6,000,000 rows)...
    Loading sketched table (lineitem)...
    Loading baseline table (lineitem_base)...
    Run 1/3...
    [WARN] Query failed. stderr: 
    [WARN] Query failed. stderr: 
    Run 2/3...
    [WARN] Query failed. stderr: 
    [WARN] Query failed. stderr: 
    Run 3/3...
    [WARN] Query failed. stderr: 
    [WARN] Query failed. stderr: 

  Saved: /projectnb/cs561/students/foladipo/CS561-Access-Path-Selection/results/cardinality_results.csv

>>> DISTRIBUTION EXPERIMENT (cardinality=1000)

  Distribution = uniform
  Threshold: 100  |  Actual selectivity: 10.0%
    Writing CSV (6,000,000 rows)...
    Loading sketched table (lineitem)...
    Loading baseline table (lineitem_base)...
    Run 1/3...
    [WARN] Query failed. stderr: 
    [WARN] Query failed. stderr: 
    Run 2/3...
    [WARN] Query failed. stderr: 
    [WARN] Query failed. stderr: 
    Run 3/3...
    [WARN] Query failed. stderr: 
    [WARN] Query failed. stderr: 

  Distribution = zipf
  Threshold: 1  |  Actual selectivity: 38.3%
    Writing CSV (6,000,000 rows)...
    Loading sketched table (lineitem)...
    Loading baseline table (lineitem_base)...
    Run 1/3...
    [WARN] Query failed. stderr: 
    [WARN] Query failed. stderr: 
    Run 2/3...
    [WARN] Query failed. stderr: 
    [WARN] Query failed. stderr: 
    Run 3/3...
    [WARN] Query failed. stderr: 
    [WARN] Query failed. stderr: 

  Distribution = clustered
  Threshold: 99  |  Actual selectivity: 9.9%
    Writing CSV (6,000,000 rows)...
    Loading sketched table (lineitem)...
    Loading baseline table (lineitem_base)...
    Run 1/3...
    [WARN] Query failed. stderr: 
    [WARN] Query failed. stderr: 
    Run 2/3...
    [WARN] Query failed. stderr: 
    [WARN] Query failed. stderr: 
    Run 3/3...
    [WARN] Query failed. stderr: 
    [WARN] Query failed. stderr: 

  Saved: /projectnb/cs561/students/foladipo/CS561-Access-Path-Selection/results/distribution_results.csv

>>> ALL EXPERIMENTS COMPLETE
==========================================
Job finished: Mon Apr  6 21:06:37 EDT 2026
==========================================
==========================================
Job started:  Mon Apr  6 21:15:10 EDT 2026
Running on:   scc-wm3
CPU:          Intel(R) Xeon(R) CPU E5-2680 v4 @ 2.40GHz
Cores (job):  4 (pe omp 4)
RAM total:    251Gi
AVX-512:      0 logical cores with AVX-512
==========================================
============================================================
CS561 Access Path Selection Experiments
DuckDB binary: /projectnb/cs561/students/foladipo/CS561-Access-Path-Selection/build/release/duckdb
Results dir:   /projectnb/cs561/students/foladipo/CS561-Access-Path-Selection/results
Rows: 6,000,000  |  Runs: 3  |  Threads: 4
Selectivity: 10%
============================================================

>>> CARDINALITY EXPERIMENT (uniform distribution)

  Cardinality = 10
  Threshold: 1  |  Actual selectivity: 10.0%
    Writing CSV (6,000,000 rows)...
    Loading sketched table (lineitem)...
    Loading baseline table (lineitem_base)...
    Run 1/3...
    [WARN] Query failed. stderr: 
    [WARN] Query failed. stderr: 
    Run 2/3...
    [WARN] Query failed. stderr: 
    [WARN] Query failed. stderr: 
    Run 3/3...
    [WARN] Query failed. stderr: 
    [WARN] Query failed. stderr: 

  Cardinality = 50
  Threshold: 5  |  Actual selectivity: 10.0%
    Writing CSV (6,000,000 rows)...
    Loading sketched table (lineitem)...
    Loading baseline table (lineitem_base)...
    Run 1/3...
    [WARN] Query failed. stderr: 
    [WARN] Query failed. stderr: 
    Run 2/3...
    [WARN] Query failed. stderr: 
    [WARN] Query failed. stderr: 
    Run 3/3...
    [WARN] Query failed. stderr: 
    [WARN] Query failed. stderr: 

  Cardinality = 100
  Threshold: 9  |  Actual selectivity: 9.0%
    Writing CSV (6,000,000 rows)...
    Loading sketched table (lineitem)...
    Loading baseline table (lineitem_base)...
    Run 1/3...
    [WARN] Query failed. stderr: 
    [WARN] Query failed. stderr: 
    Run 2/3...
    [WARN] Query failed. stderr: 
    [WARN] Query failed. stderr: 
    Run 3/3...
    [WARN] Query failed. stderr: 
    [WARN] Query failed. stderr: 

  Cardinality = 256
  Threshold: 25  |  Actual selectivity: 9.8%
    Writing CSV (6,000,000 rows)...
    Loading sketched table (lineitem)...
    Loading baseline table (lineitem_base)...
    Run 1/3...
    [WARN] Query failed. stderr: 
    [WARN] Query failed. stderr: 
    Run 2/3...
    [WARN] Query failed. stderr: 
    [WARN] Query failed. stderr: 
    Run 3/3...
    [WARN] Query failed. stderr: 
    [WARN] Query failed. stderr: 

  Cardinality = 500
  Threshold: 50  |  Actual selectivity: 10.0%
    Writing CSV (6,000,000 rows)...
    Loading sketched table (lineitem)...
    Loading baseline table (lineitem_base)...
    Run 1/3...
    [WARN] Query failed. stderr: 
    [WARN] Query failed. stderr: 
    Run 2/3...
    [WARN] Query failed. stderr: 
    [WARN] Query failed. stderr: 
    Run 3/3...
    [WARN] Query failed. stderr: 
    [WARN] Query failed. stderr: 

  Cardinality = 1,000
  Threshold: 100  |  Actual selectivity: 10.0%
    Writing CSV (6,000,000 rows)...
    Loading sketched table (lineitem)...
    Loading baseline table (lineitem_base)...
    Run 1/3...
    [WARN] Query failed. stderr: 
    [WARN] Query failed. stderr: 
    Run 2/3...
    [WARN] Query failed. stderr: 
    [WARN] Query failed. stderr: 
    Run 3/3...
    [WARN] Query failed. stderr: 
    [WARN] Query failed. stderr: 

  Cardinality = 10,000
  Threshold: 999  |  Actual selectivity: 10.0%
    Writing CSV (6,000,000 rows)...
    Loading sketched table (lineitem)...
    Loading baseline table (lineitem_base)...
    Run 1/3...
    [WARN] Query failed. stderr: 
    [WARN] Query failed. stderr: 
    Run 2/3...
    [WARN] Query failed. stderr: 
    [WARN] Query failed. stderr: 
    Run 3/3...
    [WARN] Query failed. stderr: 
    [WARN] Query failed. stderr: 

  Cardinality = 100,000
  Threshold: 10002  |  Actual selectivity: 10.0%
    Writing CSV (6,000,000 rows)...
    Loading sketched table (lineitem)...
    Loading baseline table (lineitem_base)...
    Run 1/3...
    [WARN] Query failed. stderr: 
    [WARN] Query failed. stderr: 
    Run 2/3...
    [WARN] Query failed. stderr: 
    [WARN] Query failed. stderr: 
    Run 3/3...
    [WARN] Query failed. stderr: 
    [WARN] Query failed. stderr: 

  Saved: /projectnb/cs561/students/foladipo/CS561-Access-Path-Selection/results/cardinality_results.csv

>>> DISTRIBUTION EXPERIMENT (cardinality=1000)

  Distribution = uniform
  Threshold: 99  |  Actual selectivity: 9.9%
    Writing CSV (6,000,000 rows)...
    Loading sketched table (lineitem)...
    Loading baseline table (lineitem_base)...
    Run 1/3...
    [WARN] Query failed. stderr: 
    [WARN] Query failed. stderr: 
    Run 2/3...
    [WARN] Query failed. stderr: 
    [WARN] Query failed. stderr: 
    Run 3/3...
    [WARN] Query failed. stderr: 
    [WARN] Query failed. stderr: 

  Distribution = zipf
  Threshold: 1  |  Actual selectivity: 38.3%
    Writing CSV (6,000,000 rows)...
    Loading sketched table (lineitem)...
    Loading baseline table (lineitem_base)...
    Run 1/3...
    [WARN] Query failed. stderr: 
    [WARN] Query failed. stderr: 
    Run 2/3...
    [WARN] Query failed. stderr: 
    [WARN] Query failed. stderr: 
    Run 3/3...
    [WARN] Query failed. stderr: 
    [WARN] Query failed. stderr: 

  Distribution = clustered
  Threshold: 100  |  Actual selectivity: 10.0%
    Writing CSV (6,000,000 rows)...
    Loading sketched table (lineitem)...
    Loading baseline table (lineitem_base)...
    Run 1/3...
    [WARN] Query failed. stderr: 
    [WARN] Query failed. stderr: 
    Run 2/3...
    [WARN] Query failed. stderr: 
    [WARN] Query failed. stderr: 
    Run 3/3...
    [WARN] Query failed. stderr: 
    [WARN] Query failed. stderr: 

  Saved: /projectnb/cs561/students/foladipo/CS561-Access-Path-Selection/results/distribution_results.csv

>>> ALL EXPERIMENTS COMPLETE
==========================================
Job finished: Mon Apr  6 21:20:10 EDT 2026
==========================================
==========================================
Job started:  Mon Apr  6 21:20:58 EDT 2026
Running on:   scc-wm3
CPU:          Intel(R) Xeon(R) CPU E5-2680 v4 @ 2.40GHz
Cores (job):  4 (pe omp 4)
RAM total:    251Gi
AVX-512:      0 logical cores with AVX-512
==========================================
============================================================
CS561 Access Path Selection Experiments
DuckDB binary: /projectnb/cs561/students/foladipo/CS561-Access-Path-Selection/build/release/duckdb
Results dir:   /projectnb/cs561/students/foladipo/CS561-Access-Path-Selection/results
Rows: 6,000,000  |  Runs: 3  |  Threads: 4
Selectivity: 10%
============================================================

>>> CARDINALITY EXPERIMENT (uniform distribution)

  Cardinality = 10
  Threshold: 1  |  Actual selectivity: 10.0%
    Writing CSV (6,000,000 rows)...
    Loading sketched table (lineitem)...
    Loading baseline table (lineitem_base)...
    Run 1/3...
    [WARN] Query failed. stderr: 
    [WARN] Query failed. stderr: 
    Run 2/3...
    [WARN] Query failed. stderr: 
    [WARN] Query failed. stderr: 
    Run 3/3...
    [WARN] Query failed. stderr: 
    [WARN] Query failed. stderr: 

  Cardinality = 50
  Threshold: 5  |  Actual selectivity: 10.0%
    Writing CSV (6,000,000 rows)...
    Loading sketched table (lineitem)...
    Loading baseline table (lineitem_base)...
    Run 1/3...
    [WARN] Query failed. stderr: 
    [WARN] Query failed. stderr: 
    Run 2/3...
    [WARN] Query failed. stderr: 
    [WARN] Query failed. stderr: 
    Run 3/3...
    [WARN] Query failed. stderr: 
    [WARN] Query failed. stderr: 

  Cardinality = 100
  Threshold: 9  |  Actual selectivity: 9.0%
    Writing CSV (6,000,000 rows)...
    Loading sketched table (lineitem)...
    Loading baseline table (lineitem_base)...
    Run 1/3...
    [WARN] Query failed. stderr: 
    [WARN] Query failed. stderr: 
    Run 2/3...
    [WARN] Query failed. stderr: 
    [WARN] Query failed. stderr: 
    Run 3/3...
    [WARN] Query failed. stderr: 
    [WARN] Query failed. stderr: 

  Cardinality = 256
  Threshold: 25  |  Actual selectivity: 9.8%
    Writing CSV (6,000,000 rows)...
    Loading sketched table (lineitem)...
    Loading baseline table (lineitem_base)...
    Run 1/3...
    [WARN] Query failed. stderr: 
    [WARN] Query failed. stderr: 
    Run 2/3...
    [WARN] Query failed. stderr: 
    [WARN] Query failed. stderr: 
    Run 3/3...
    [WARN] Query failed. stderr: 
    [WARN] Query failed. stderr: 

  Cardinality = 500
  Threshold: 49  |  Actual selectivity: 9.8%
    Writing CSV (6,000,000 rows)...
    Loading sketched table (lineitem)...
    Loading baseline table (lineitem_base)...
    Run 1/3...
    [WARN] Query failed. stderr: 
    [WARN] Query failed. stderr: 
    Run 2/3...
    [WARN] Query failed. stderr: 
    [WARN] Query failed. stderr: 
    Run 3/3...
    [WARN] Query failed. stderr: 
    [WARN] Query failed. stderr: 

  Cardinality = 1,000
  Threshold: 100  |  Actual selectivity: 10.0%
    Writing CSV (6,000,000 rows)...
    Loading sketched table (lineitem)...
    Loading baseline table (lineitem_base)...
    Run 1/3...
    [WARN] Query failed. stderr: 
    [WARN] Query failed. stderr: 
    Run 2/3...
    [WARN] Query failed. stderr: 
    [WARN] Query failed. stderr: 
    Run 3/3...
    [WARN] Query failed. stderr: 
    [WARN] Query failed. stderr: 

  Cardinality = 10,000
  Threshold: 1002  |  Actual selectivity: 10.0%
    Writing CSV (6,000,000 rows)...
    Loading sketched table (lineitem)...
    Loading baseline table (lineitem_base)...
    Run 1/3...
    [WARN] Query failed. stderr: 
    [WARN] Query failed. stderr: 
    Run 2/3...
    [WARN] Query failed. stderr: 
    [WARN] Query failed. stderr: 
    Run 3/3...
    [WARN] Query failed. stderr: 
    [WARN] Query failed. stderr: 

  Cardinality = 100,000
  Threshold: 9998  |  Actual selectivity: 10.0%
    Writing CSV (6,000,000 rows)...
    Loading sketched table (lineitem)...
    Loading baseline table (lineitem_base)...
    Run 1/3...
    [WARN] Query failed. stderr: 
    [WARN] Query failed. stderr: 
    Run 2/3...
    [WARN] Query failed. stderr: 
    [WARN] Query failed. stderr: 
    Run 3/3...
    [WARN] Query failed. stderr: 
    [WARN] Query failed. stderr: 

  Saved: /projectnb/cs561/students/foladipo/CS561-Access-Path-Selection/results/cardinality_results.csv

>>> DISTRIBUTION EXPERIMENT (cardinality=1000)

  Distribution = uniform
  Threshold: 100  |  Actual selectivity: 10.0%
    Writing CSV (6,000,000 rows)...
    Loading sketched table (lineitem)...
    Loading baseline table (lineitem_base)...
    Run 1/3...
    [WARN] Query failed. stderr: 
    [WARN] Query failed. stderr: 
    Run 2/3...
    [WARN] Query failed. stderr: 
    [WARN] Query failed. stderr: 
    Run 3/3...
    [WARN] Query failed. stderr: 
    [WARN] Query failed. stderr: 

  Distribution = zipf
  Threshold: 1  |  Actual selectivity: 38.3%
    Writing CSV (6,000,000 rows)...
    Loading sketched table (lineitem)...
    Loading baseline table (lineitem_base)...
    Run 1/3...
    [WARN] Query failed. stderr: 
    [WARN] Query failed. stderr: 
    Run 2/3...
    [WARN] Query failed. stderr: 
    [WARN] Query failed. stderr: 
    Run 3/3...
    [WARN] Query failed. stderr: 
    [WARN] Query failed. stderr: 

  Distribution = clustered
  Threshold: 100  |  Actual selectivity: 10.0%
    Writing CSV (6,000,000 rows)...
    Loading sketched table (lineitem)...
    Loading baseline table (lineitem_base)...
    Run 1/3...
    [WARN] Query failed. stderr: 
    [WARN] Query failed. stderr: 
    Run 2/3...
    [WARN] Query failed. stderr: 
    [WARN] Query failed. stderr: 
    Run 3/3...
    [WARN] Query failed. stderr: 
    [WARN] Query failed. stderr: 

  Saved: /projectnb/cs561/students/foladipo/CS561-Access-Path-Selection/results/distribution_results.csv

>>> ALL EXPERIMENTS COMPLETE
==========================================
Job finished: Mon Apr  6 21:25:50 EDT 2026
==========================================
==========================================
Job started:  Mon Apr  6 21:26:58 EDT 2026
Running on:   scc-wm3
CPU:          Intel(R) Xeon(R) CPU E5-2680 v4 @ 2.40GHz
Cores (job):  4 (pe omp 4)
RAM total:    251Gi
AVX-512:      0 logical cores with AVX-512
==========================================
============================================================
CS561 Access Path Selection Experiments
DuckDB binary: /projectnb/cs561/students/foladipo/CS561-Access-Path-Selection/build/release/duckdb
Results dir:   /projectnb/cs561/students/foladipo/CS561-Access-Path-Selection/results
Rows: 6,000,000  |  Runs: 3  |  Threads: 4
Selectivity: 10%
============================================================

>>> CARDINALITY EXPERIMENT (uniform distribution)

  Cardinality = 10
  Threshold: 2  |  Actual selectivity: 20.0%
    Writing CSV (6,000,000 rows)...
    Loading sketched table (lineitem)...
    Loading baseline table (lineitem_base)...
    Run 1/3...
    [WARN] Query failed. stderr: 
    [WARN] Query failed. stderr: 
    Run 2/3...
    [WARN] Query failed. stderr: 
    [WARN] Query failed. stderr: 
    Run 3/3...
    [WARN] Query failed. stderr: 
    [WARN] Query failed. stderr: 

  Cardinality = 50
  Threshold: 5  |  Actual selectivity: 10.0%
    Writing CSV (6,000,000 rows)...
    Loading sketched table (lineitem)...
    Loading baseline table (lineitem_base)...
    Run 1/3...
    [WARN] Query failed. stderr: 
    [WARN] Query failed. stderr: 
    Run 2/3...
    [WARN] Query failed. stderr: 
    [WARN] Query failed. stderr: 
    Run 3/3...
    [WARN] Query failed. stderr: 
    [WARN] Query failed. stderr: 

  Cardinality = 100
  Threshold: 9  |  Actual selectivity: 9.0%
    Writing CSV (6,000,000 rows)...
    Loading sketched table (lineitem)...
    Loading baseline table (lineitem_base)...
    Run 1/3...
    [WARN] Query failed. stderr: 
    [WARN] Query failed. stderr: 
    Run 2/3...
    [WARN] Query failed. stderr: 
    [WARN] Query failed. stderr: 
    Run 3/3...
    [WARN] Query failed. stderr: 
    [WARN] Query failed. stderr: 

  Cardinality = 256
  Threshold: 25  |  Actual selectivity: 9.8%
    Writing CSV (6,000,000 rows)...
    Loading sketched table (lineitem)...
    Loading baseline table (lineitem_base)...
    Run 1/3...
    [WARN] Query failed. stderr: 
    [WARN] Query failed. stderr: 
    Run 2/3...
    [WARN] Query failed. stderr: 
    [WARN] Query failed. stderr: 
    Run 3/3...
    [WARN] Query failed. stderr: 
    [WARN] Query failed. stderr: 

  Cardinality = 500
  Threshold: 50  |  Actual selectivity: 10.0%
    Writing CSV (6,000,000 rows)...
    Loading sketched table (lineitem)...
    Loading baseline table (lineitem_base)...
    Run 1/3...
    [WARN] Query failed. stderr: 
    [WARN] Query failed. stderr: 
    Run 2/3...
    [WARN] Query failed. stderr: 
    [WARN] Query failed. stderr: 
    Run 3/3...
    [WARN] Query failed. stderr: 
    [WARN] Query failed. stderr: 

  Cardinality = 1,000
  Threshold: 100  |  Actual selectivity: 10.0%
    Writing CSV (6,000,000 rows)...
    Loading sketched table (lineitem)...
    Loading baseline table (lineitem_base)...
    Run 1/3...
    [WARN] Query failed. stderr: 
    [WARN] Query failed. stderr: 
    Run 2/3...
    [WARN] Query failed. stderr: 
    [WARN] Query failed. stderr: 
    Run 3/3...
    [WARN] Query failed. stderr: 
    [WARN] Query failed. stderr: 

  Cardinality = 10,000
  Threshold: 1001  |  Actual selectivity: 10.0%
    Writing CSV (6,000,000 rows)...
    Loading sketched table (lineitem)...
    Loading baseline table (lineitem_base)...
    Run 1/3...
    [WARN] Query failed. stderr: 
    [WARN] Query failed. stderr: 
    Run 2/3...
    [WARN] Query failed. stderr: 
    [WARN] Query failed. stderr: 
    Run 3/3...
    [WARN] Query failed. stderr: 
    [WARN] Query failed. stderr: 

  Cardinality = 100,000
  Threshold: 10001  |  Actual selectivity: 10.0%
    Writing CSV (6,000,000 rows)...
    Loading sketched table (lineitem)...
    Loading baseline table (lineitem_base)...
    Run 1/3...
    [WARN] Query failed. stderr: 
    [WARN] Query failed. stderr: 
    Run 2/3...
    [WARN] Query failed. stderr: 
    [WARN] Query failed. stderr: 
    Run 3/3...
    [WARN] Query failed. stderr: 
    [WARN] Query failed. stderr: 

  Saved: /projectnb/cs561/students/foladipo/CS561-Access-Path-Selection/results/cardinality_results.csv

>>> DISTRIBUTION EXPERIMENT (cardinality=1000)

  Distribution = uniform
  Threshold: 100  |  Actual selectivity: 10.0%
    Writing CSV (6,000,000 rows)...
    Loading sketched table (lineitem)...
    Loading baseline table (lineitem_base)...
    Run 1/3...
    [WARN] Query failed. stderr: 
    [WARN] Query failed. stderr: 
    Run 2/3...
    [WARN] Query failed. stderr: 
    [WARN] Query failed. stderr: 
    Run 3/3...
    [WARN] Query failed. stderr: 
    [WARN] Query failed. stderr: 

  Distribution = zipf
  Threshold: 1  |  Actual selectivity: 38.3%
    Writing CSV (6,000,000 rows)...
    Loading sketched table (lineitem)...
    Loading baseline table (lineitem_base)...
    Run 1/3...
    [WARN] Query failed. stderr: 
    [WARN] Query failed. stderr: 
    Run 2/3...
    [WARN] Query failed. stderr: 
    [WARN] Query failed. stderr: 
    Run 3/3...
    [WARN] Query failed. stderr: 
    [WARN] Query failed. stderr: 

  Distribution = clustered
  Threshold: 99  |  Actual selectivity: 9.9%
    Writing CSV (6,000,000 rows)...
    Loading sketched table (lineitem)...
    Loading baseline table (lineitem_base)...
    Run 1/3...
    [WARN] Query failed. stderr: 
    [WARN] Query failed. stderr: 
    Run 2/3...
    [WARN] Query failed. stderr: 
    [WARN] Query failed. stderr: 
    Run 3/3...
    [WARN] Query failed. stderr: 
    [WARN] Query failed. stderr: 

  Saved: /projectnb/cs561/students/foladipo/CS561-Access-Path-Selection/results/distribution_results.csv

>>> ALL EXPERIMENTS COMPLETE
==========================================
Job finished: Mon Apr  6 21:31:48 EDT 2026
==========================================
==========================================
Job started:  Mon Apr  6 21:42:58 EDT 2026
Running on:   scc-wh1
CPU:          Intel(R) Xeon(R) CPU E5-2680 v4 @ 2.40GHz
Cores (job):  4 (pe omp 4)
RAM total:    251Gi
AVX-512:      0 logical cores with AVX-512
==========================================
============================================================
CS561 Access Path Selection Experiments
DuckDB binary: /projectnb/cs561/students/foladipo/CS561-Access-Path-Selection/build/release/duckdb
Results dir:   /projectnb/cs561/students/foladipo/CS561-Access-Path-Selection/results
Rows: 6,000,000  |  Runs: 3  |  Threads: 4
Selectivity: 10%
============================================================

>>> CARDINALITY EXPERIMENT (uniform distribution)

  Cardinality = 10
  Threshold: 3  |  Actual selectivity: 30.0%
    Writing CSV (6,000,000 rows)...
    Running sketched session (lineitem)...
    [WARN] Expected 3 timings, got 0.
    Running baseline session (lineitem_base)...
    [WARN] Expected 3 timings, got 0.

  Cardinality = 50
  Threshold: 5  |  Actual selectivity: 10.0%
    Writing CSV (6,000,000 rows)...
    Running sketched session (lineitem)...
    [WARN] Expected 3 timings, got 0.
    Running baseline session (lineitem_base)...
    [WARN] Expected 3 timings, got 0.

  Cardinality = 100
  Threshold: 10  |  Actual selectivity: 10.0%
    Writing CSV (6,000,000 rows)...
    Running sketched session (lineitem)...
    [WARN] Expected 3 timings, got 0.
    Running baseline session (lineitem_base)...
    [WARN] Expected 3 timings, got 0.

  Cardinality = 256
  Threshold: 25  |  Actual selectivity: 9.8%
    Writing CSV (6,000,000 rows)...
    Running sketched session (lineitem)...
    [WARN] Expected 3 timings, got 0.
    Running baseline session (lineitem_base)...
    [WARN] Expected 3 timings, got 0.

  Cardinality = 500
  Threshold: 49  |  Actual selectivity: 9.8%
    Writing CSV (6,000,000 rows)...
    Running sketched session (lineitem)...
    [WARN] Expected 3 timings, got 0.
    Running baseline session (lineitem_base)...
    [WARN] Expected 3 timings, got 0.

  Cardinality = 1,000
  Threshold: 99  |  Actual selectivity: 9.9%
    Writing CSV (6,000,000 rows)...
    Running sketched session (lineitem)...
    [WARN] Expected 3 timings, got 0.
    Running baseline session (lineitem_base)...
    [WARN] Expected 3 timings, got 0.

  Cardinality = 10,000
  Threshold: 998  |  Actual selectivity: 10.0%
    Writing CSV (6,000,000 rows)...
    Running sketched session (lineitem)...
    [WARN] Expected 3 timings, got 0.
    Running baseline session (lineitem_base)...
    [WARN] Expected 3 timings, got 0.

  Cardinality = 100,000
  Threshold: 9997  |  Actual selectivity: 10.0%
    Writing CSV (6,000,000 rows)...
    Running sketched session (lineitem)...
    [WARN] Expected 3 timings, got 0.
    Running baseline session (lineitem_base)...
    [WARN] Expected 3 timings, got 0.

  Saved: /projectnb/cs561/students/foladipo/CS561-Access-Path-Selection/results/cardinality_results.csv

>>> DISTRIBUTION EXPERIMENT (cardinality=1000)

  Distribution = uniform
  Threshold: 100  |  Actual selectivity: 10.0%
    Writing CSV (6,000,000 rows)...
    Running sketched session (lineitem)...
    [WARN] Expected 3 timings, got 0.
    Running baseline session (lineitem_base)...
    [WARN] Expected 3 timings, got 0.

  Distribution = zipf
  Threshold: 1  |  Actual selectivity: 38.3%
    Writing CSV (6,000,000 rows)...
    Running sketched session (lineitem)...
    [WARN] Expected 3 timings, got 0.
    Running baseline session (lineitem_base)...
    [WARN] Expected 3 timings, got 0.

  Distribution = clustered
  Threshold: 99  |  Actual selectivity: 9.9%
    Writing CSV (6,000,000 rows)...
    Running sketched session (lineitem)...
    [WARN] Expected 3 timings, got 0.
    Running baseline session (lineitem_base)...
    [WARN] Expected 3 timings, got 0.

  Saved: /projectnb/cs561/students/foladipo/CS561-Access-Path-Selection/results/distribution_results.csv

>>> ALL EXPERIMENTS COMPLETE
==========================================
Job finished: Mon Apr  6 21:47:44 EDT 2026
==========================================
==========================================
Job started:  Mon Apr  6 21:48:57 EDT 2026
Running on:   scc-wh1
CPU:          Intel(R) Xeon(R) CPU E5-2680 v4 @ 2.40GHz
Cores (job):  4 (pe omp 4)
RAM total:    251Gi
AVX-512:      0 logical cores with AVX-512
==========================================
============================================================
CS561 Access Path Selection Experiments
DuckDB binary: /projectnb/cs561/students/foladipo/CS561-Access-Path-Selection/build/release/duckdb
Results dir:   /projectnb/cs561/students/foladipo/CS561-Access-Path-Selection/results
Rows: 6,000,000  |  Runs: 3  |  Threads: 4
Selectivity: 10%
============================================================

>>> CARDINALITY EXPERIMENT (uniform distribution)

  Cardinality = 10
  Threshold: 2  |  Actual selectivity: 20.0%
    Writing CSV (6,000,000 rows)...
    Running sketched session (lineitem)...
    [WARN] Expected 3 timings, got 0.
    Running baseline session (lineitem_base)...
    [WARN] Expected 3 timings, got 0.

  Cardinality = 50
  Threshold: 5  |  Actual selectivity: 10.0%
    Writing CSV (6,000,000 rows)...
    Running sketched session (lineitem)...
    [WARN] Expected 3 timings, got 0.
    Running baseline session (lineitem_base)...
    [WARN] Expected 3 timings, got 0.

  Cardinality = 100
  Threshold: 10  |  Actual selectivity: 10.0%
    Writing CSV (6,000,000 rows)...
    Running sketched session (lineitem)...
    [WARN] Expected 3 timings, got 0.
    Running baseline session (lineitem_base)...
    [WARN] Expected 3 timings, got 0.

  Cardinality = 256
  Threshold: 25  |  Actual selectivity: 9.7%
    Writing CSV (6,000,000 rows)...
    Running sketched session (lineitem)...
    [WARN] Expected 3 timings, got 0.
    Running baseline session (lineitem_base)...
    [WARN] Expected 3 timings, got 0.

  Cardinality = 500
  Threshold: 49  |  Actual selectivity: 9.8%
    Writing CSV (6,000,000 rows)...
    Running sketched session (lineitem)...
    [WARN] Expected 3 timings, got 0.
    Running baseline session (lineitem_base)...
    [WARN] Expected 3 timings, got 0.

  Cardinality = 1,000
  Threshold: 100  |  Actual selectivity: 10.0%
    Writing CSV (6,000,000 rows)...
    Running sketched session (lineitem)...
    [WARN] Expected 3 timings, got 0.
    Running baseline session (lineitem_base)...
    [WARN] Expected 3 timings, got 0.

  Cardinality = 10,000
  Threshold: 1000  |  Actual selectivity: 10.0%
    Writing CSV (6,000,000 rows)...
    Running sketched session (lineitem)...
    [WARN] Expected 3 timings, got 0.
    Running baseline session (lineitem_base)...
    [WARN] Expected 3 timings, got 0.

  Cardinality = 100,000
  Threshold: 9992  |  Actual selectivity: 10.0%
    Writing CSV (6,000,000 rows)...
    Running sketched session (lineitem)...
    [WARN] Expected 3 timings, got 0.
    Running baseline session (lineitem_base)...
    [WARN] Expected 3 timings, got 0.

  Saved: /projectnb/cs561/students/foladipo/CS561-Access-Path-Selection/results/cardinality_results.csv

>>> DISTRIBUTION EXPERIMENT (cardinality=1000)

  Distribution = uniform
  Threshold: 99  |  Actual selectivity: 9.9%
    Writing CSV (6,000,000 rows)...
    Running sketched session (lineitem)...
    [WARN] Expected 3 timings, got 0.
    Running baseline session (lineitem_base)...
    [WARN] Expected 3 timings, got 0.

  Distribution = zipf
  Threshold: 1  |  Actual selectivity: 38.3%
    Writing CSV (6,000,000 rows)...
    Running sketched session (lineitem)...
    [WARN] Expected 3 timings, got 0.
    Running baseline session (lineitem_base)...
    [WARN] Expected 3 timings, got 0.

  Distribution = clustered
  Threshold: 99  |  Actual selectivity: 9.9%
    Writing CSV (6,000,000 rows)...
    Running sketched session (lineitem)...
    [WARN] Expected 3 timings, got 0.
    Running baseline session (lineitem_base)...
    [WARN] Expected 3 timings, got 0.

  Saved: /projectnb/cs561/students/foladipo/CS561-Access-Path-Selection/results/distribution_results.csv

>>> ALL EXPERIMENTS COMPLETE
==========================================
Job finished: Mon Apr  6 21:53:41 EDT 2026
==========================================
==========================================
Job started:  Mon Apr  6 22:08:12 EDT 2026
Running on:   scc-wh1
CPU:          Intel(R) Xeon(R) CPU E5-2680 v4 @ 2.40GHz
Cores (job):  4 (pe omp 4)
RAM total:    251Gi
AVX-512:      0 logical cores with AVX-512
==========================================
============================================================
CS561 Access Path Selection Experiments
DuckDB binary: /projectnb/cs561/students/foladipo/CS561-Access-Path-Selection/build/release/duckdb
Results dir:   /projectnb/cs561/students/foladipo/CS561-Access-Path-Selection/results
Rows: 6,000,000  |  Runs: 3  |  Threads: 4
Selectivity: 10%
============================================================

>>> CARDINALITY EXPERIMENT (uniform distribution)

  Cardinality = 10
  Threshold: 1  |  Actual selectivity: 10.0%
    Writing CSV (6,000,000 rows)...
    Running sketched session (lineitem)...
    [WARN] Expected 3 timings, got 0.
    Running baseline session (lineitem_base)...
    [WARN] Expected 3 timings, got 0.

  Cardinality = 50
  Threshold: 4  |  Actual selectivity: 8.0%
    Writing CSV (6,000,000 rows)...
    Running sketched session (lineitem)...
    [WARN] Expected 3 timings, got 0.
    Running baseline session (lineitem_base)...
    [WARN] Expected 3 timings, got 0.

  Cardinality = 100
  Threshold: 10  |  Actual selectivity: 10.0%
    Writing CSV (6,000,000 rows)...
    Running sketched session (lineitem)...
    [WARN] Expected 3 timings, got 0.
    Running baseline session (lineitem_base)...
    [WARN] Expected 3 timings, got 0.

  Cardinality = 256
  Threshold: 25  |  Actual selectivity: 9.7%
    Writing CSV (6,000,000 rows)...
    Running sketched session (lineitem)...
    [WARN] Expected 3 timings, got 0.
    Running baseline session (lineitem_base)...
    [WARN] Expected 3 timings, got 0.

  Cardinality = 500
  Threshold: 50  |  Actual selectivity: 10.0%
    Writing CSV (6,000,000 rows)...
    Running sketched session (lineitem)...
    [WARN] Expected 3 timings, got 0.
    Running baseline session (lineitem_base)...
    [WARN] Expected 3 timings, got 0.

  Cardinality = 1,000
  Threshold: 99  |  Actual selectivity: 9.9%
    Writing CSV (6,000,000 rows)...
    Running sketched session (lineitem)...
    [WARN] Expected 3 timings, got 0.
    Running baseline session (lineitem_base)...
    [WARN] Expected 3 timings, got 0.

  Cardinality = 10,000
  Threshold: 997  |  Actual selectivity: 10.0%
    Writing CSV (6,000,000 rows)...
    Running sketched session (lineitem)...
    [WARN] Expected 3 timings, got 0.
    Running baseline session (lineitem_base)...
    [WARN] Expected 3 timings, got 0.

  Cardinality = 100,000
  Threshold: 10037  |  Actual selectivity: 10.0%
    Writing CSV (6,000,000 rows)...
    Running sketched session (lineitem)...
    [WARN] Expected 3 timings, got 0.
    Running baseline session (lineitem_base)...
    [WARN] Expected 3 timings, got 0.

  Saved: /projectnb/cs561/students/foladipo/CS561-Access-Path-Selection/results/cardinality_results.csv

>>> DISTRIBUTION EXPERIMENT (cardinality=1000)

  Distribution = uniform
  Threshold: 100  |  Actual selectivity: 10.0%
    Writing CSV (6,000,000 rows)...
    Running sketched session (lineitem)...
    [WARN] Expected 3 timings, got 0.
    Running baseline session (lineitem_base)...
    [WARN] Expected 3 timings, got 0.

  Distribution = zipf
  Threshold: 1  |  Actual selectivity: 38.3%
    Writing CSV (6,000,000 rows)...
    Running sketched session (lineitem)...
    [WARN] Expected 3 timings, got 0.
    Running baseline session (lineitem_base)...
    [WARN] Expected 3 timings, got 0.

  Distribution = clustered
  Threshold: 99  |  Actual selectivity: 9.9%
    Writing CSV (6,000,000 rows)...
    Running sketched session (lineitem)...
    [WARN] Expected 3 timings, got 0.
    Running baseline session (lineitem_base)...
    [WARN] Expected 3 timings, got 0.

  Saved: /projectnb/cs561/students/foladipo/CS561-Access-Path-Selection/results/distribution_results.csv

>>> ALL EXPERIMENTS COMPLETE
==========================================
Job finished: Mon Apr  6 22:12:56 EDT 2026
==========================================
==========================================
Job started:  Tue Apr  7 00:07:03 EDT 2026
Running on:   scc-b09
CPU:          Intel(R) Xeon(R) 6737P
Cores (job):  4 (pe omp 4)
RAM total:    251Gi
AVX-512:      32 logical cores with AVX-512
==========================================
============================================================
CS561 Access Path Selection Experiments
DuckDB binary: /projectnb/cs561/students/foladipo/CS561-Access-Path-Selection/build/release/duckdb
Results dir:   /projectnb/cs561/students/foladipo/CS561-Access-Path-Selection/results
Rows: 6,000,000  |  Runs: 3  |  Threads: 4
Selectivity: 10%
============================================================

>>> CARDINALITY EXPERIMENT (uniform distribution)

  Cardinality = 10
  Threshold: 3  |  Actual selectivity: 30.0%
    Writing CSV (6,000,000 rows)...
    Running sketched session (lineitem)...
    Running baseline session (lineitem_base)...
  Sketch avg:   5.7 ms
  Baseline avg: 5.3 ms

  Cardinality = 50
  Threshold: 4  |  Actual selectivity: 8.0%
    Writing CSV (6,000,000 rows)...
    Running sketched session (lineitem)...
    Running baseline session (lineitem_base)...
  Sketch avg:   3.3 ms
  Baseline avg: 3.3 ms

  Cardinality = 100
  Threshold: 10  |  Actual selectivity: 10.0%
    Writing CSV (6,000,000 rows)...
    Running sketched session (lineitem)...
    Running baseline session (lineitem_base)...
  Sketch avg:   3.7 ms
  Baseline avg: 3.7 ms

  Cardinality = 256
  Threshold: 25  |  Actual selectivity: 9.8%
    Writing CSV (6,000,000 rows)...
    Running sketched session (lineitem)...
    Running baseline session (lineitem_base)...
  Sketch avg:   3.7 ms
  Baseline avg: 3.7 ms

  Cardinality = 500
  Threshold: 50  |  Actual selectivity: 10.0%
    Writing CSV (6,000,000 rows)...
    Running sketched session (lineitem)...
    Running baseline session (lineitem_base)...
  Sketch avg:   3.3 ms
  Baseline avg: 3.7 ms

  Cardinality = 1,000
  Threshold: 100  |  Actual selectivity: 10.0%
    Writing CSV (6,000,000 rows)...
    Running sketched session (lineitem)...
    Running baseline session (lineitem_base)...
  Sketch avg:   3.3 ms
  Baseline avg: 3.7 ms

  Cardinality = 10,000
  Threshold: 999  |  Actual selectivity: 10.0%
    Writing CSV (6,000,000 rows)...
    Running sketched session (lineitem)...
    Running baseline session (lineitem_base)...
  Sketch avg:   3.7 ms
  Baseline avg: 3.3 ms

  Cardinality = 100,000
  Threshold: 9998  |  Actual selectivity: 10.0%
    Writing CSV (6,000,000 rows)...
    Running sketched session (lineitem)...
    Running baseline session (lineitem_base)...
  Sketch avg:   3.7 ms
  Baseline avg: 3.7 ms

  Saved: /projectnb/cs561/students/foladipo/CS561-Access-Path-Selection/results/cardinality_results.csv

>>> DISTRIBUTION EXPERIMENT (cardinality=1000)

  Distribution = uniform
  Threshold: 99  |  Actual selectivity: 9.9%
    Writing CSV (6,000,000 rows)...
    Running sketched session (lineitem)...
    Running baseline session (lineitem_base)...
  Sketch avg:   3.7 ms
  Baseline avg: 3.7 ms

  Distribution = zipf
  Threshold: 1  |  Actual selectivity: 38.3%
    Writing CSV (6,000,000 rows)...
    Running sketched session (lineitem)...
    Running baseline session (lineitem_base)...
  Sketch avg:   6.3 ms
  Baseline avg: 6.7 ms

  Distribution = clustered
  Threshold: 100  |  Actual selectivity: 10.0%
    Writing CSV (6,000,000 rows)...
    Running sketched session (lineitem)...
    Running baseline session (lineitem_base)...
  Sketch avg:   0.3 ms
  Baseline avg: 0.3 ms

  Saved: /projectnb/cs561/students/foladipo/CS561-Access-Path-Selection/results/distribution_results.csv

>>> ALL EXPERIMENTS COMPLETE
==========================================
Job finished: Tue Apr  7 00:10:07 EDT 2026
==========================================
==========================================
Job started:  Tue Apr  7 00:48:05 EDT 2026
Running on:   scc-b06
CPU:          Intel(R) Xeon(R) 6737P
Cores (job):  4 (pe omp 4)
RAM total:    251Gi
AVX-512:      32 logical cores with AVX-512
==========================================
============================================================
CS561 Access Path Selection Experiments
DuckDB binary: /projectnb/cs561/students/foladipo/CS561-Access-Path-Selection/build/release/duckdb
Results dir:   /projectnb/cs561/students/foladipo/CS561-Access-Path-Selection/results
Rows: 6,000,000  |  Runs: 3  |  Threads: 4
Selectivity: 10%
============================================================

>>> CARDINALITY EXPERIMENT (uniform distribution)

  Cardinality = 10
  Threshold: 3  |  Actual selectivity: 30.0%
    Writing CSV (6,000,000 rows)...
    Running sketched session (lineitem)...
    Running baseline session (lineitem_base)...
  Sketch avg:   21.7 ms
  Baseline avg: 21.3 ms

  Cardinality = 50
  Threshold: 5  |  Actual selectivity: 10.0%
    Writing CSV (6,000,000 rows)...
    Running sketched session (lineitem)...
    Running baseline session (lineitem_base)...
  Sketch avg:   12.3 ms
  Baseline avg: 12.7 ms

  Cardinality = 100
  Threshold: 10  |  Actual selectivity: 10.0%
    Writing CSV (6,000,000 rows)...
    Running sketched session (lineitem)...
    Running baseline session (lineitem_base)...
  Sketch avg:   12.7 ms
  Baseline avg: 12.7 ms

  Cardinality = 256
  Threshold: 25  |  Actual selectivity: 9.8%
    Writing CSV (6,000,000 rows)...
    Running sketched session (lineitem)...
    Running baseline session (lineitem_base)...
  Sketch avg:   12.3 ms
  Baseline avg: 11.7 ms

  Cardinality = 500
  Threshold: 50  |  Actual selectivity: 10.0%
    Writing CSV (6,000,000 rows)...
    Running sketched session (lineitem)...
    Running baseline session (lineitem_base)...
  Sketch avg:   12.0 ms
  Baseline avg: 11.7 ms

  Cardinality = 1,000
  Threshold: 100  |  Actual selectivity: 10.0%
    Writing CSV (6,000,000 rows)...
    Running sketched session (lineitem)...
    Running baseline session (lineitem_base)...
  Sketch avg:   12.3 ms
  Baseline avg: 12.7 ms

  Cardinality = 10,000
  Threshold: 997  |  Actual selectivity: 10.0%
    Writing CSV (6,000,000 rows)...
    Running sketched session (lineitem)...
    Running baseline session (lineitem_base)...
  Sketch avg:   13.0 ms
  Baseline avg: 12.0 ms

  Cardinality = 100,000
  Threshold: 10011  |  Actual selectivity: 10.0%
    Writing CSV (6,000,000 rows)...
    Running sketched session (lineitem)...
    Running baseline session (lineitem_base)...
  Sketch avg:   12.7 ms
  Baseline avg: 12.3 ms

  Saved: /projectnb/cs561/students/foladipo/CS561-Access-Path-Selection/results/cardinality_results.csv

>>> DISTRIBUTION EXPERIMENT (cardinality=1000)

  Distribution = uniform
  Threshold: 99  |  Actual selectivity: 9.9%
    Writing CSV (6,000,000 rows)...
    Running sketched session (lineitem)...
    Running baseline session (lineitem_base)...
  Sketch avg:   12.0 ms
  Baseline avg: 12.3 ms

  Distribution = zipf
  Threshold: 1  |  Actual selectivity: 38.3%
    Writing CSV (6,000,000 rows)...
    Running sketched session (lineitem)...
    Running baseline session (lineitem_base)...
  Sketch avg:   26.0 ms
  Baseline avg: 25.0 ms

  Distribution = clustered
  Threshold: 100  |  Actual selectivity: 10.0%
    Writing CSV (6,000,000 rows)...
    Running sketched session (lineitem)...
    Running baseline session (lineitem_base)...
  Sketch avg:   7.0 ms
  Baseline avg: 5.0 ms

  Saved: /projectnb/cs561/students/foladipo/CS561-Access-Path-Selection/results/distribution_results.csv

>>> ALL EXPERIMENTS COMPLETE
==========================================
Job finished: Tue Apr  7 00:51:09 EDT 2026
==========================================
==========================================
Job started:  Wed Apr 15 23:20:06 EDT 2026
Running on:   scc-eb1
CPU:          Intel(R) Xeon(R) Gold 6242 CPU @ 2.80GHz
Cores (job):  4 (pe omp 4)
RAM total:    376Gi
AVX-512:      32 logical cores with AVX-512
==========================================
============================================================
CS561 Access Path Selection Experiments
DuckDB: /projectnb/cs561/students/foladipo/CS561-Access-Path-Selection/build/release/duckdb
Rows: 6,000,000  |  Runs: 3  |  Threads: 4
============================================================

>>> SELECTIVITY EXPERIMENT (cardinality=1000, uniform)

  Selectivity = 5%  |  Threshold: 49  |  Actual: 4.9%
    Writing CSV (6,000,000 rows)...
    Running sketched session (lineitem)...
    Running baseline session (lineitem_base)...
  Sketch avg:   54.3 ms
  Baseline avg: 51.3 ms

  Selectivity = 10%  |  Threshold: 99  |  Actual: 9.9%
    Writing CSV (6,000,000 rows)...
    Running sketched session (lineitem)...
    Running baseline session (lineitem_base)...
  Sketch avg:   61.7 ms
  Baseline avg: 60.7 ms

  Selectivity = 20%  |  Threshold: 199  |  Actual: 19.9%
    Writing CSV (6,000,000 rows)...
    Running sketched session (lineitem)...
    Running baseline session (lineitem_base)...
  Sketch avg:   74.3 ms
  Baseline avg: 60.7 ms

  Selectivity = 40%  |  Threshold: 399  |  Actual: 39.9%
    Writing CSV (6,000,000 rows)...
    Running sketched session (lineitem)...
    Running baseline session (lineitem_base)...
  Sketch avg:   86.0 ms
  Baseline avg: 97.0 ms

  Selectivity = 60%  |  Threshold: 599  |  Actual: 59.9%
    Writing CSV (6,000,000 rows)...
    Running sketched session (lineitem)...
    Running baseline session (lineitem_base)...
  Sketch avg:   112.0 ms
  Baseline avg: 122.3 ms

  Selectivity = 80%  |  Threshold: 799  |  Actual: 79.9%
    Writing CSV (6,000,000 rows)...
    Running sketched session (lineitem)...
    Running baseline session (lineitem_base)...
  Sketch avg:   122.3 ms
  Baseline avg: 139.7 ms

  Saved: /projectnb/cs561/students/foladipo/CS561-Access-Path-Selection/results/selectivity_results.csv

>>> CARDINALITY EXPERIMENT (uniform, 10% selectivity)

  Cardinality = 10
  Threshold: 1  |  Actual selectivity: 10.0%
    Writing CSV (6,000,000 rows)...
    Running sketched session (lineitem)...
    Running baseline session (lineitem_base)...
  Sketch avg:   56.0 ms
  Baseline avg: 53.0 ms

  Cardinality = 50
  Threshold: 5  |  Actual selectivity: 10.0%
    Writing CSV (6,000,000 rows)...
    Running sketched session (lineitem)...
    Running baseline session (lineitem_base)...
  Sketch avg:   48.7 ms
  Baseline avg: 52.7 ms

  Cardinality = 100
  Threshold: 10  |  Actual selectivity: 10.0%
    Writing CSV (6,000,000 rows)...
    Running sketched session (lineitem)...
    Running baseline session (lineitem_base)...
  Sketch avg:   52.0 ms
  Baseline avg: 65.7 ms

  Cardinality = 256
  Threshold: 25  |  Actual selectivity: 9.8%
    Writing CSV (6,000,000 rows)...
    Running sketched session (lineitem)...
    Running baseline session (lineitem_base)...
  Sketch avg:   58.0 ms
  Baseline avg: 54.0 ms

  Cardinality = 500
  Threshold: 50  |  Actual selectivity: 10.0%
    Writing CSV (6,000,000 rows)...
    Running sketched session (lineitem)...
    Running baseline session (lineitem_base)...
  Sketch avg:   61.0 ms
  Baseline avg: 59.3 ms

  Cardinality = 1,000
  Threshold: 99  |  Actual selectivity: 9.9%
    Writing CSV (6,000,000 rows)...
    Running sketched session (lineitem)...
    Running baseline session (lineitem_base)...
  Sketch avg:   63.0 ms
  Baseline avg: 53.7 ms

  Cardinality = 10,000
  Threshold: 998  |  Actual selectivity: 10.0%
    Writing CSV (6,000,000 rows)...
    Running sketched session (lineitem)...
    Running baseline session (lineitem_base)...
  Sketch avg:   52.3 ms
  Baseline avg: 63.7 ms

  Cardinality = 100,000
  Threshold: 9996  |  Actual selectivity: 10.0%
    Writing CSV (6,000,000 rows)...
    Running sketched session (lineitem)...
    Running baseline session (lineitem_base)...
  Sketch avg:   59.0 ms
  Baseline avg: 69.0 ms

  Saved: /projectnb/cs561/students/foladipo/CS561-Access-Path-Selection/results/cardinality_results.csv

>>> DISTRIBUTION EXPERIMENT (cardinality=1000, 10% selectivity)

  Distribution = uniform
  Threshold: 100  |  Actual selectivity: 10.0%
    Writing CSV (6,000,000 rows)...
    Running sketched session (lineitem)...
    Running baseline session (lineitem_base)...
  Sketch avg:   58.0 ms
  Baseline avg: 53.0 ms

  Distribution = zipf
  Threshold: 1  |  Actual selectivity: 38.3%
    Writing CSV (6,000,000 rows)...
    Running sketched session (lineitem)...
    Running baseline session (lineitem_base)...
  Sketch avg:   85.0 ms
  Baseline avg: 103.3 ms

  Distribution = clustered
  Threshold: 100  |  Actual selectivity: 10.0%
    Writing CSV (6,000,000 rows)...
    Running sketched session (lineitem)...
    Running baseline session (lineitem_base)...
  Sketch avg:   25.7 ms
  Baseline avg: 25.3 ms

  Saved: /projectnb/cs561/students/foladipo/CS561-Access-Path-Selection/results/distribution_results.csv

>>> ALL EXPERIMENTS COMPLETE
==========================================
Job finished: Wed Apr 15 23:53:27 EDT 2026
==========================================
==========================================
Job started:  Thu Apr 16 00:03:14 EDT 2026
Running on:   scc-b05
CPU:          Intel(R) Xeon(R) 6737P
Cores (job):  4 (pe omp 4)
RAM total:    251Gi
AVX-512:      32 logical cores with AVX-512
==========================================
============================================================
CS561 Access Path Selection Experiments
DuckDB: /projectnb/cs561/students/foladipo/CS561-Access-Path-Selection/build/release/duckdb
Rows: 6,000,000  |  Runs: 3 + 1 warmup  |  Threads: 4
============================================================

>>> SELECTIVITY EXPERIMENT (cardinality=1000, uniform)

  Selectivity = 5%  |  Threshold: 50  |  Actual: 5.0%
    Writing CSV (6,000,000 rows)...
    Running sketched session (lineitem)...
    Running baseline session (lineitem_base)...
  Sketch avg:   20.3 ms
  Baseline avg: 21.3 ms

  Selectivity = 10%  |  Threshold: 100  |  Actual: 10.0%
    Writing CSV (6,000,000 rows)...
    Running sketched session (lineitem)...
    Running baseline session (lineitem_base)...
  Sketch avg:   24.7 ms
  Baseline avg: 23.3 ms

  Selectivity = 20%  |  Threshold: 200  |  Actual: 20.0%
    Writing CSV (6,000,000 rows)...
    Running sketched session (lineitem)...
    Running baseline session (lineitem_base)...
  Sketch avg:   29.3 ms
  Baseline avg: 29.7 ms

  Selectivity = 40%  |  Threshold: 399  |  Actual: 39.9%
    Writing CSV (6,000,000 rows)...
    Running sketched session (lineitem)...
    Running baseline session (lineitem_base)...
  Sketch avg:   41.0 ms
  Baseline avg: 42.3 ms

  Selectivity = 60%  |  Threshold: 599  |  Actual: 59.9%
    Writing CSV (6,000,000 rows)...
    Running sketched session (lineitem)...
    Running baseline session (lineitem_base)...
  Sketch avg:   52.7 ms
  Baseline avg: 52.3 ms

  Selectivity = 80%  |  Threshold: 800  |  Actual: 80.0%
    Writing CSV (6,000,000 rows)...
    Running sketched session (lineitem)...
    Running baseline session (lineitem_base)...
  Sketch avg:   63.7 ms
  Baseline avg: 63.3 ms

  Saved: /projectnb/cs561/students/foladipo/CS561-Access-Path-Selection/results/selectivity_results.csv

>>> CARDINALITY EXPERIMENT (uniform, 10% selectivity)

  Cardinality = 10
  Threshold: 1  |  Actual selectivity: 10.0%
    Writing CSV (6,000,000 rows)...
    Running sketched session (lineitem)...
    Running baseline session (lineitem_base)...
  Sketch avg:   22.7 ms
  Baseline avg: 24.0 ms

  Cardinality = 50
  Threshold: 5  |  Actual selectivity: 10.0%
    Writing CSV (6,000,000 rows)...
    Running sketched session (lineitem)...
    Running baseline session (lineitem_base)...
  Sketch avg:   23.7 ms
  Baseline avg: 23.0 ms

  Cardinality = 100
  Threshold: 10  |  Actual selectivity: 10.0%
    Writing CSV (6,000,000 rows)...
    Running sketched session (lineitem)...
    Running baseline session (lineitem_base)...
  Sketch avg:   22.7 ms
  Baseline avg: 23.3 ms

  Cardinality = 256
  Threshold: 25  |  Actual selectivity: 9.8%
    Writing CSV (6,000,000 rows)...
    Running sketched session (lineitem)...
    Running baseline session (lineitem_base)...
  Sketch avg:   24.0 ms
  Baseline avg: 23.7 ms

  Cardinality = 500
  Threshold: 50  |  Actual selectivity: 10.0%
    Writing CSV (6,000,000 rows)...
    Running sketched session (lineitem)...
    Running baseline session (lineitem_base)...
  Sketch avg:   23.3 ms
  Baseline avg: 23.7 ms

  Cardinality = 1,000
  Threshold: 99  |  Actual selectivity: 9.9%
    Writing CSV (6,000,000 rows)...
    Running sketched session (lineitem)...
    Running baseline session (lineitem_base)...
  Sketch avg:   23.3 ms
  Baseline avg: 23.3 ms

  Cardinality = 10,000
  Threshold: 1002  |  Actual selectivity: 10.0%
    Writing CSV (6,000,000 rows)...
    Running sketched session (lineitem)...
    Running baseline session (lineitem_base)...
  Sketch avg:   24.3 ms
  Baseline avg: 24.0 ms

  Cardinality = 100,000
  Threshold: 10004  |  Actual selectivity: 10.0%
    Writing CSV (6,000,000 rows)...
    Running sketched session (lineitem)...
    Running baseline session (lineitem_base)...
  Sketch avg:   24.3 ms
  Baseline avg: 24.7 ms

  Saved: /projectnb/cs561/students/foladipo/CS561-Access-Path-Selection/results/cardinality_results.csv

>>> DISTRIBUTION EXPERIMENT (cardinality=1000, 10% selectivity)

  Distribution = uniform
  Threshold: 99  |  Actual selectivity: 9.9%
    Writing CSV (6,000,000 rows)...
    Running sketched session (lineitem)...
    Running baseline session (lineitem_base)...
  Sketch avg:   23.7 ms
  Baseline avg: 23.7 ms

  Distribution = zipf
  Threshold: 1  |  Actual selectivity: 38.3%
    Writing CSV (6,000,000 rows)...
    Running sketched session (lineitem)...
    Running baseline session (lineitem_base)...
  Sketch avg:   41.0 ms
  Baseline avg: 39.7 ms

  Distribution = clustered
  Threshold: 99  |  Actual selectivity: 9.9%
    Writing CSV (6,000,000 rows)...
    Running sketched session (lineitem)...
    Running baseline session (lineitem_base)...
  Sketch avg:   11.7 ms
  Baseline avg: 9.3 ms

  Saved: /projectnb/cs561/students/foladipo/CS561-Access-Path-Selection/results/distribution_results.csv

>>> ALL EXPERIMENTS COMPLETE
==========================================
Job finished: Thu Apr 16 00:19:59 EDT 2026
==========================================
==========================================
Job started:  Fri May  1 18:34:49 EDT 2026
Running on:   scc-eb1
CPU:          Intel(R) Xeon(R) Gold 6242 CPU @ 2.80GHz
Cores (job):  4 (pe omp 4)
RAM total:    376Gi
AVX-512:      32 logical cores with AVX-512
==========================================
============================================================
CS561 Access Path Selection Experiments
DuckDB: /projectnb/cs561/students/foladipo/CS561-Access-Path-Selection/build/release/duckdb
Rows: 6,000,000  |  Runs: 3 + 1 warmup  |  Threads: 4
============================================================

>>> SELECTIVITY EXPERIMENT (cardinality=1000, uniform)

  Selectivity = 5%  |  Threshold: 49  |  Actual: 4.9%
    Writing CSV (6,000,000 rows)...
    Running sketched session (lineitem)...
    Running baseline session (lineitem_base)...
  Sketch avg:   6.3 ms
  Baseline avg: 5.0 ms

  Selectivity = 10%  |  Threshold: 99  |  Actual: 9.9%
    Writing CSV (6,000,000 rows)...
    Running sketched session (lineitem)...
    Running baseline session (lineitem_base)...
  Sketch avg:   5.7 ms
  Baseline avg: 5.7 ms

  Selectivity = 20%  |  Threshold: 199  |  Actual: 19.9%
    Writing CSV (6,000,000 rows)...
    Running sketched session (lineitem)...
    Running baseline session (lineitem_base)...
  Sketch avg:   7.3 ms
  Baseline avg: 7.0 ms

  Selectivity = 40%  |  Threshold: 399  |  Actual: 39.9%
    Writing CSV (6,000,000 rows)...
    Running sketched session (lineitem)...
    Running baseline session (lineitem_base)...
  Sketch avg:   9.3 ms
  Baseline avg: 9.7 ms

  Selectivity = 60%  |  Threshold: 599  |  Actual: 59.9%
    Writing CSV (6,000,000 rows)...
    Running sketched session (lineitem)...
    Running baseline session (lineitem_base)...
  Sketch avg:   9.3 ms
  Baseline avg: 9.3 ms

  Selectivity = 80%  |  Threshold: 799  |  Actual: 79.9%
    Writing CSV (6,000,000 rows)...
    Running sketched session (lineitem)...
    Running baseline session (lineitem_base)...
  Sketch avg:   7.3 ms
  Baseline avg: 7.0 ms

  Saved: /projectnb/cs561/students/foladipo/CS561-Access-Path-Selection/results/selectivity_results.csv

>>> CARDINALITY EXPERIMENT (uniform, 10% selectivity)

  Cardinality = 10
  Threshold: 2  |  Actual selectivity: 20.0%
    Writing CSV (6,000,000 rows)...
    Running sketched session (lineitem)...
    Running baseline session (lineitem_base)...
  Sketch avg:   7.0 ms
  Baseline avg: 7.0 ms

  Cardinality = 50
  Threshold: 5  |  Actual selectivity: 10.0%
    Writing CSV (6,000,000 rows)...
    Running sketched session (lineitem)...
    Running baseline session (lineitem_base)...
  Sketch avg:   6.3 ms
  Baseline avg: 6.0 ms

  Cardinality = 100
  Threshold: 9  |  Actual selectivity: 9.0%
    Writing CSV (6,000,000 rows)...
    Running sketched session (lineitem)...
    Running baseline session (lineitem_base)...
  Sketch avg:   5.7 ms
  Baseline avg: 6.0 ms

  Cardinality = 256
  Threshold: 25  |  Actual selectivity: 9.8%
    Writing CSV (6,000,000 rows)...
    Running sketched session (lineitem)...
    Running baseline session (lineitem_base)...
  Sketch avg:   5.7 ms
  Baseline avg: 6.0 ms

  Cardinality = 500
  Threshold: 50  |  Actual selectivity: 10.0%
    Writing CSV (6,000,000 rows)...
    Running sketched session (lineitem)...
    Running baseline session (lineitem_base)...
  Sketch avg:   5.7 ms
  Baseline avg: 5.7 ms

  Cardinality = 1,000
  Threshold: 99  |  Actual selectivity: 9.9%
    Writing CSV (6,000,000 rows)...
    Running sketched session (lineitem)...
    Running baseline session (lineitem_base)...
  Sketch avg:   6.3 ms
  Baseline avg: 5.7 ms

  Cardinality = 10,000
  Threshold: 999  |  Actual selectivity: 10.0%
    Writing CSV (6,000,000 rows)...
    Running sketched session (lineitem)...
    Running baseline session (lineitem_base)...
  Sketch avg:   5.7 ms
  Baseline avg: 6.3 ms

  Cardinality = 100,000
  Threshold: 9989  |  Actual selectivity: 10.0%
    Writing CSV (6,000,000 rows)...
    Running sketched session (lineitem)...
    Running baseline session (lineitem_base)...
  Sketch avg:   6.0 ms
  Baseline avg: 6.0 ms

  Saved: /projectnb/cs561/students/foladipo/CS561-Access-Path-Selection/results/cardinality_results.csv

>>> DISTRIBUTION EXPERIMENT (cardinality=1000, 10% selectivity)

  Distribution = uniform
  Threshold: 100  |  Actual selectivity: 10.0%
    Writing CSV (6,000,000 rows)...
    Running sketched session (lineitem)...
    Running baseline session (lineitem_base)...
  Sketch avg:   5.7 ms
  Baseline avg: 5.7 ms

  Distribution = zipf
  Threshold: 1  |  Actual selectivity: 38.3%
    Writing CSV (6,000,000 rows)...
    Running sketched session (lineitem)...
    Running baseline session (lineitem_base)...
  Sketch avg:   9.0 ms
  Baseline avg: 8.7 ms

  Distribution = clustered
  Threshold: 100  |  Actual selectivity: 10.0%
    Writing CSV (6,000,000 rows)...
    Running sketched session (lineitem)...
    Running baseline session (lineitem_base)...
  Sketch avg:   1.0 ms
  Baseline avg: 1.0 ms

  Saved: /projectnb/cs561/students/foladipo/CS561-Access-Path-Selection/results/distribution_results.csv

>>> ALL EXPERIMENTS COMPLETE
==========================================
Job finished: Fri May  1 19:07:29 EDT 2026
==========================================
