==========================================
Job started:  Fri Apr 17 14:08:37 EDT 2026
Running on:   scc-h30
CPU:          Intel(R) Xeon(R) Gold 6426Y
Cores (job):  4 (pe omp 4)
RAM total:    1.0Ti
AVX-512:      32 logical cores with AVX-512
==========================================
============================================================
CS561 Access Path Selection Experiments - 60M rows
DuckDB: /projectnb/cs561/students/foladipo/CS561-Access-Path-Selection/build/release/duckdb
Rows: 60,000,000  |  Runs: 3 + 1 warmup  |  Threads: 4
============================================================

>>> SELECTIVITY EXPERIMENT (cardinality=1000, uniform)

  Selectivity = 5%  |  Threshold: 50  |  Actual: 5.0%
    Writing CSV (60,000,000 rows)...
    Running sketched session (lineitem)...
    Running baseline session (lineitem_base)...
  Sketch avg:   215.7 ms
  Baseline avg: 216.3 ms

  Selectivity = 10%  |  Threshold: 99  |  Actual: 9.9%
    Writing CSV (60,000,000 rows)...
    Running sketched session (lineitem)...
    Running baseline session (lineitem_base)...
  Sketch avg:   279.0 ms
  Baseline avg: 284.7 ms

  Selectivity = 20%  |  Threshold: 199  |  Actual: 19.9%
    Writing CSV (60,000,000 rows)...
    Running sketched session (lineitem)...
    Running baseline session (lineitem_base)...
  Sketch avg:   413.7 ms
  Baseline avg: 373.0 ms

  Selectivity = 40%  |  Threshold: 400  |  Actual: 40.0%
    Writing CSV (60,000,000 rows)...
    Running sketched session (lineitem)...
    Running baseline session (lineitem_base)...
  Sketch avg:   563.7 ms
  Baseline avg: 574.7 ms

  Selectivity = 60%  |  Threshold: 599  |  Actual: 59.9%
    Writing CSV (60,000,000 rows)...
    Running sketched session (lineitem)...
    Running baseline session (lineitem_base)...
  Sketch avg:   715.7 ms
  Baseline avg: 698.7 ms

  Selectivity = 80%  |  Threshold: 800  |  Actual: 80.0%
    Writing CSV (60,000,000 rows)...
    Running sketched session (lineitem)...
    Running baseline session (lineitem_base)...
  Sketch avg:   887.0 ms
  Baseline avg: 871.3 ms

  Saved: /projectnb/cs561/students/foladipo/CS561-Access-Path-Selection/results/selectivity_results_60m.csv

>>> CARDINALITY EXPERIMENT (uniform, 10% selectivity)

  Cardinality = 10
  Threshold: 1  |  Actual selectivity: 10.0%
    Writing CSV (60,000,000 rows)...
    Running sketched session (lineitem)...
    Running baseline session (lineitem_base)...
  Sketch avg:   268.7 ms
  Baseline avg: 266.7 ms

  Cardinality = 50
  Threshold: 4  |  Actual selectivity: 8.0%
    Writing CSV (60,000,000 rows)...
    Running sketched session (lineitem)...
    Running baseline session (lineitem_base)...
  Sketch avg:   247.7 ms
  Baseline avg: 252.0 ms

  Cardinality = 100
  Threshold: 10  |  Actual selectivity: 10.0%
    Writing CSV (60,000,000 rows)...
    Running sketched session (lineitem)...
    Running baseline session (lineitem_base)...
  Sketch avg:   265.7 ms
  Baseline avg: 268.3 ms

  Cardinality = 256
  Threshold: 25  |  Actual selectivity: 9.8%
    Writing CSV (60,000,000 rows)...
    Running sketched session (lineitem)...
    Running baseline session (lineitem_base)...
  Sketch avg:   265.7 ms
  Baseline avg: 264.7 ms

  Cardinality = 500
  Threshold: 50  |  Actual selectivity: 10.0%
    Writing CSV (60,000,000 rows)...
    Running sketched session (lineitem)...
    Running baseline session (lineitem_base)...
  Sketch avg:   262.3 ms
  Baseline avg: 267.7 ms

  Cardinality = 1,000
  Threshold: 100  |  Actual selectivity: 10.0%
    Writing CSV (60,000,000 rows)...
    Running sketched session (lineitem)...
    Running baseline session (lineitem_base)...
  Sketch avg:   271.3 ms
  Baseline avg: 266.0 ms

  Cardinality = 10,000
  Threshold: 999  |  Actual selectivity: 10.0%
    Writing CSV (60,000,000 rows)...
    Running sketched session (lineitem)...
    Running baseline session (lineitem_base)...
  Sketch avg:   257.7 ms
  Baseline avg: 252.0 ms

  Cardinality = 100,000
  Threshold: 9998  |  Actual selectivity: 10.0%
    Writing CSV (60,000,000 rows)...
    Running sketched session (lineitem)...
    Running baseline session (lineitem_base)...
  Sketch avg:   269.0 ms
  Baseline avg: 272.0 ms

  Saved: /projectnb/cs561/students/foladipo/CS561-Access-Path-Selection/results/cardinality_results_60m.csv

>>> DISTRIBUTION EXPERIMENT (cardinality=1000, 10% selectivity)

  Distribution = uniform
  Threshold: 100  |  Actual selectivity: 10.0%
    Writing CSV (60,000,000 rows)...
    Running sketched session (lineitem)...
    Running baseline session (lineitem_base)...
  Sketch avg:   260.7 ms
  Baseline avg: 274.3 ms

  Distribution = zipf
  Threshold: 1  |  Actual selectivity: 38.3%
    Writing CSV (60,000,000 rows)...
    Running sketched session (lineitem)...
    Running baseline session (lineitem_base)...
  Sketch avg:   503.0 ms
  Baseline avg: 490.7 ms

  Distribution = clustered
  Threshold: 100  |  Actual selectivity: 10.0%
    Writing CSV (60,000,000 rows)...
    Running sketched session (lineitem)...
    Running baseline session (lineitem_base)...
  Sketch avg:   84.7 ms
  Baseline avg: 87.3 ms

  Saved: /projectnb/cs561/students/foladipo/CS561-Access-Path-Selection/results/distribution_results_60m.csv

>>> ALL EXPERIMENTS COMPLETE
==========================================
Job finished: Fri Apr 17 17:00:21 EDT 2026
==========================================
==========================================
Job started:  Sat May  2 01:07:50 EDT 2026
Running on:   scc-a12
CPU:          Intel(R) Xeon(R) 6737P
Cores (job):  4 (pe omp 4)
RAM total:    503Gi
AVX-512:      32 logical cores with AVX-512
==========================================
============================================================
CS561 Access Path Selection Experiments - 60M rows
DuckDB: /projectnb/cs561/students/foladipo/CS561-Access-Path-Selection/build/release/duckdb
Rows: 60,000,000  |  Runs: 3 + 1 warmup  |  Threads: 4
============================================================

>>> SELECTIVITY EXPERIMENT (cardinality=1000, uniform)

  Selectivity = 5%  |  Threshold: 49  |  Actual: 4.9%
    Writing CSV (60,000,000 rows)...
    Running sketched session (lineitem)...
    Running baseline session (lineitem_base)...
  Sketch avg:   26.3 ms
  Baseline avg: 26.0 ms

  Selectivity = 10%  |  Threshold: 99  |  Actual: 9.9%
    Writing CSV (60,000,000 rows)...
    Running sketched session (lineitem)...
    Running baseline session (lineitem_base)...
  Sketch avg:   32.3 ms
  Baseline avg: 32.3 ms

  Selectivity = 20%  |  Threshold: 200  |  Actual: 20.0%
    Writing CSV (60,000,000 rows)...
    Running sketched session (lineitem)...
    Running baseline session (lineitem_base)...
  Sketch avg:   41.0 ms
  Baseline avg: 41.3 ms

  Selectivity = 40%  |  Threshold: 400  |  Actual: 40.0%
    Writing CSV (60,000,000 rows)...
    Running sketched session (lineitem)...
    Running baseline session (lineitem_base)...
  Sketch avg:   61.3 ms
  Baseline avg: 61.0 ms

  Selectivity = 60%  |  Threshold: 600  |  Actual: 60.0%
    Writing CSV (60,000,000 rows)...
    Running sketched session (lineitem)...
    Running baseline session (lineitem_base)...
  Sketch avg:   62.3 ms
  Baseline avg: 62.0 ms

  Selectivity = 80%  |  Threshold: 800  |  Actual: 80.0%
    Writing CSV (60,000,000 rows)...
    Running sketched session (lineitem)...
    Running baseline session (lineitem_base)...
  Sketch avg:   39.7 ms
  Baseline avg: 40.3 ms

  Saved: /projectnb/cs561/students/foladipo/CS561-Access-Path-Selection/results/selectivity_results_60m.csv

>>> CARDINALITY EXPERIMENT (uniform, 10% selectivity)

  Cardinality = 10
  Threshold: 1  |  Actual selectivity: 10.0%
    Writing CSV (60,000,000 rows)...
    Running sketched session (lineitem)...
    Running baseline session (lineitem_base)...
  Sketch avg:   33.0 ms
  Baseline avg: 32.7 ms

  Cardinality = 50
  Threshold: 5  |  Actual selectivity: 10.0%
    Writing CSV (60,000,000 rows)...
    Running sketched session (lineitem)...
    Running baseline session (lineitem_base)...
  Sketch avg:   31.7 ms
  Baseline avg: 31.3 ms

  Cardinality = 100
  Threshold: 10  |  Actual selectivity: 10.0%
    Writing CSV (60,000,000 rows)...
    Running sketched session (lineitem)...
    Running baseline session (lineitem_base)...
  Sketch avg:   31.7 ms
  Baseline avg: 31.7 ms

  Cardinality = 256
  Threshold: 25  |  Actual selectivity: 9.8%
    Writing CSV (60,000,000 rows)...
    Running sketched session (lineitem)...
    Running baseline session (lineitem_base)...
  Sketch avg:   32.3 ms
  Baseline avg: 32.7 ms

  Cardinality = 500
  Threshold: 49  |  Actual selectivity: 9.8%
    Writing CSV (60,000,000 rows)...
    Running sketched session (lineitem)...
    Running baseline session (lineitem_base)...
  Sketch avg:   32.7 ms
  Baseline avg: 32.0 ms

  Cardinality = 1,000
  Threshold: 100  |  Actual selectivity: 10.0%
    Writing CSV (60,000,000 rows)...
    Running sketched session (lineitem)...
    Running baseline session (lineitem_base)...
  Sketch avg:   32.7 ms
  Baseline avg: 32.7 ms

  Cardinality = 10,000
  Threshold: 999  |  Actual selectivity: 10.0%
    Writing CSV (60,000,000 rows)...
    Running sketched session (lineitem)...
    Running baseline session (lineitem_base)...
  Sketch avg:   33.0 ms
  Baseline avg: 32.7 ms

  Cardinality = 100,000
  Threshold: 10001  |  Actual selectivity: 10.0%
    Writing CSV (60,000,000 rows)...
    Running sketched session (lineitem)...
    Running baseline session (lineitem_base)...
  Sketch avg:   33.3 ms
  Baseline avg: 33.3 ms

  Saved: /projectnb/cs561/students/foladipo/CS561-Access-Path-Selection/results/cardinality_results_60m.csv

>>> DISTRIBUTION EXPERIMENT (cardinality=1000, 10% selectivity)

  Distribution = uniform
  Threshold: 99  |  Actual selectivity: 9.9%
    Writing CSV (60,000,000 rows)...
    Running sketched session (lineitem)...
    Running baseline session (lineitem_base)...
  Sketch avg:   32.0 ms
  Baseline avg: 32.3 ms

  Distribution = zipf
  Threshold: 1  |  Actual selectivity: 38.3%
    Writing CSV (60,000,000 rows)...
    Running sketched session (lineitem)...
    Running baseline session (lineitem_base)...
  Sketch avg:   58.3 ms
  Baseline avg: 58.7 ms

  Distribution = clustered
  Threshold: 100  |  Actual selectivity: 10.0%
    Writing CSV (60,000,000 rows)...
    Running sketched session (lineitem)...
    Running baseline session (lineitem_base)...
  Sketch avg:   1.7 ms
  Baseline avg: 1.7 ms

  Saved: /projectnb/cs561/students/foladipo/CS561-Access-Path-Selection/results/distribution_results_60m.csv

>>> ALL EXPERIMENTS COMPLETE
==========================================
Job finished: Sat May  2 03:48:19 EDT 2026
==========================================
